<html>
<body>
<pre>
<h1>µVision Build Log</h1>
<h2>Project:</h2>
D:\Projects\Schule\KeilProjekt\Ue_1\Ue1\ue1.uvproj
Project File Date:  01/09/2018

<h2>Output:</h2>
Rebuild target 'mbed NXP LPC11U24'
compiling OneButtonEditor.cpp...
linking...
Program Size: Code=12600 RO-data=1020 RW-data=88 ZI-data=400  
After Build - User command #1: C:\Keil\ARM\BIN\ElfDwT.exe  .\obj\ue1.axf
ELFDWT - Signature Creator V1.1
COPYRIGHT Keil - An ARM Company, Copyright (C) 2012
*** Updated Signature over Range[32] (0x00000000 - 0x00000018): @0x0000001C = 0xEFFFE30C
*** Processing completed, no Errors.
After Build - User command #2: fromelf --bin -o ue1.bin .\obj\ue1.axf
".\obj\ue1.axf" - 0 Error(s), 0 Warning(s).
* Updated Signature over Range[32] (0x00000000 - 0x00000018): @0x0000001C = 0xEFFFE30C
*** Processing completed, no Errors.
After Build - User command #2: fromelf --bin -o ue1.bin .\obj\ue1.axf
".\obj\ue1.axf" - 0 Error(s), 1 Warning(s).

